
> ai-video-engineer-frontend@0.1.0 build
> react-scripts build

Creating an optimized production build...
Compiled with warnings.

[eslint] 
src/components/Auth/Register.js
  Line 1:17:  'useState' is defined but never used  no-unused-vars

Search for the keywords to learn more about each warning.
To ignore, add // eslint-disable-next-line to the line before.

File sizes after gzip:

  32.76 kB  build/static/js/main.c91b7f5e.js
  311 B     build/static/css/main.8e9b22a9.css

The project was built assuming it is hosted at /ai-video-engineer-frontend/.
You can control this with the homepage field in your package.json.

The build folder is ready to be deployed.

Find out more about deployment here:

  https://cra.link/deployment

